> echo hello
-> data: hello
-> data.hex: 68656C6C6F

> info 
-> data: {"size":0}
-> data.hex: 7B2273697A65223A307D

> commit 

> deliver_tx "abc"

> info 
-> data: {"size":1}
-> data.hex: 7B2273697A65223A317D

> commit 
-> data: uü~„»×ˆíX–$ðlú‡EÑ
-> data.hex: 750502FC7E84BBD788ED589624F06CFA871845D1

> query "abc"
-> log: exists
-> height: 0
-> value: abc
-> value.hex: 616263

> deliver_tx "def=xyz"

> commit 
-> data: v9;Š.E†°iLbžËQ²†ïÕ
-> data.hex: 76393B8A182E450286B0694C629ECB51B286EFD5

> query "def"
-> log: exists
-> height: 0
-> value: xyz
-> value.hex: 78797A

